// Jest Snapshot v1, https://goo.gl/fbAQLP

exports[`should render ExpenseListItem correctly 1`] = `
<div>
  This is from my dashboard component!
  <ConnectFunction />
  <ConnectFunction />
</div>
`;
