// Jest Snapshot v1, https://goo.gl/fbAQLP

exports[`should render ExpenseListItem correctly 1`] = `
<div>
  <Link
    to="/edit/1"
  >
    water bill
  </Link>
  <p>
    Amount: 
    195
     - Created at: 
    0
  </p>
</div>
`;
