// Jest Snapshot v1, https://goo.gl/fbAQLP

exports[`should render ExpenList with empty data 1`] = `
<div>
  <p>
    No expenses
  </p>
</div>
`;

exports[`should render ExpenseList with expenses 1`] = `
<div>
  <ExpenseListItem
    amount={195}
    createdAt={0}
    description="water bill"
    id="1"
    key="1"
    note=""
  />
  <ExpenseListItem
    amount={11000}
    createdAt={-345600000}
    description="electric bill"
    id="2"
    key="2"
    note=""
  />
  <ExpenseListItem
    amount={4400}
    createdAt={345600000}
    description="internet monthly"
    id="3"
    key="3"
    note=""
  />
</div>
`;
